ERROR: Output language is not a valid target for the specified input language ("en").
You entered: "zh-TW"
Valid targets are: [
  "ar",
  "az",
  "bg",
  "bn",
  "ca",
  "cs",
  "da",
  "de",
  "el",
  "en",
  "eo",
  "es",
  "et",
  "eu",
  "fa",
  "fi",
  "fr",
  "ga",
  "gl",
  "he",
  "hi",
  "hu",
  "id",
  "it",
  "ja",
  "ko",
  "lt",
  "lv",
  "ms",
  "nb",
  "nl",
  "pl",
  "pt",
  "ro",
  "ru",
  "sk",
  "sl",
  "sq",
  "sv",
  "th",
  "tl",
  "tr",
  "uk",
  "ur",
  "zh",
  "zt"
]
ERROR: Output language is not a valid target for the specified input language ("en").
You entered: "zh-Hans"
Valid targets are: [
  "ar",
  "az",
  "bg",
  "bn",
  "ca",
  "cs",
  "da",
  "de",
  "el",
  "en",
  "eo",
  "es",
  "et",
  "eu",
  "fa",
  "fi",
  "fr",
  "ga",
  "gl",
  "he",
  "hi",
  "hu",
  "id",
  "it",
  "ja",
  "ko",
  "lt",
  "lv",
  "ms",
  "nb",
  "nl",
  "pl",
  "pt",
  "ro",
  "ru",
  "sk",
  "sl",
  "sq",
  "sv",
  "th",
  "tl",
  "tr",
  "uk",
  "ur",
  "zh",
  "zt"
]
ERROR: Output language is not a valid target for the specified input language ("en").
You entered: "zh-Hant"
Valid targets are: [
  "ar",
  "az",
  "bg",
  "bn",
  "ca",
  "cs",
  "da",
  "de",
  "el",
  "en",
  "eo",
  "es",
  "et",
  "eu",
  "fa",
  "fi",
  "fr",
  "ga",
  "gl",
  "he",
  "hi",
  "hu",
  "id",
  "it",
  "ja",
  "ko",
  "lt",
  "lv",
  "ms",
  "nb",
  "nl",
  "pl",
  "pt",
  "ro",
  "ru",
  "sk",
  "sl",
  "sq",
  "sv",
  "th",
  "tl",
  "tr",
  "uk",
  "ur",
  "zh",
  "zt"
]
ERROR: Output language is not a valid target for the specified input language ("en").
You entered: "zh-TW"
Valid targets are: [
  "ar",
  "az",
  "bg",
  "bn",
  "ca",
  "cs",
  "da",
  "de",
  "el",
  "en",
  "eo",
  "es",
  "et",
  "eu",
  "fa",
  "fi",
  "fr",
  "ga",
  "gl",
  "he",
  "hi",
  "hu",
  "id",
  "it",
  "ja",
  "ko",
  "lt",
  "lv",
  "ms",
  "nb",
  "nl",
  "pl",
  "pt",
  "ro",
  "ru",
  "sk",
  "sl",
  "sq",
  "sv",
  "th",
  "tl",
  "tr",
  "uk",
  "ur",
  "zh",
  "zt"
]
ERROR: Output language is not a valid target for the specified input language ("en").
You entered: "zh-Hans"
Valid targets are: [
  "ar",
  "az",
  "bg",
  "bn",
  "ca",
  "cs",
  "da",
  "de",
  "el",
  "en",
  "eo",
  "es",
  "et",
  "eu",
  "fa",
  "fi",
  "fr",
  "ga",
  "gl",
  "he",
  "hi",
  "hu",
  "id",
  "it",
  "ja",
  "ko",
  "lt",
  "lv",
  "ms",
  "nb",
  "nl",
  "pl",
  "pt",
  "ro",
  "ru",
  "sk",
  "sl",
  "sq",
  "sv",
  "th",
  "tl",
  "tr",
  "uk",
  "ur",
  "zh",
  "zt"
]
ERROR: Output language is not a valid target for the specified input language ("en").
You entered: "zh-Hant"
Valid targets are: [
  "ar",
  "az",
  "bg",
  "bn",
  "ca",
  "cs",
  "da",
  "de",
  "el",
  "en",
  "eo",
  "es",
  "et",
  "eu",
  "fa",
  "fi",
  "fr",
  "ga",
  "gl",
  "he",
  "hi",
  "hu",
  "id",
  "it",
  "ja",
  "ko",
  "lt",
  "lv",
  "ms",
  "nb",
  "nl",
  "pl",
  "pt",
  "ro",
  "ru",
  "sk",
  "sl",
  "sq",
  "sv",
  "th",
  "tl",
  "tr",
  "uk",
  "ur",
  "zh",
  "zt"
]
ERROR: Output language is not a valid target for the specified input language ("en").
You entered: "zh-TW"
Valid targets are: [
  "ar",
  "az",
  "bg",
  "bn",
  "ca",
  "cs",
  "da",
  "de",
  "el",
  "en",
  "eo",
  "es",
  "et",
  "eu",
  "fa",
  "fi",
  "fr",
  "ga",
  "gl",
  "he",
  "hi",
  "hu",
  "id",
  "it",
  "ja",
  "ko",
  "lt",
  "lv",
  "ms",
  "nb",
  "nl",
  "pl",
  "pt",
  "ro",
  "ru",
  "sk",
  "sl",
  "sq",
  "sv",
  "th",
  "tl",
  "tr",
  "uk",
  "ur",
  "zh",
  "zt"
]
ERROR: Output language is not a valid target for the specified input language ("en").
You entered: "zh-Hans"
Valid targets are: [
  "ar",
  "az",
  "bg",
  "bn",
  "ca",
  "cs",
  "da",
  "de",
  "el",
  "en",
  "eo",
  "es",
  "et",
  "eu",
  "fa",
  "fi",
  "fr",
  "ga",
  "gl",
  "he",
  "hi",
  "hu",
  "id",
  "it",
  "ja",
  "ko",
  "lt",
  "lv",
  "ms",
  "nb",
  "nl",
  "pl",
  "pt",
  "ro",
  "ru",
  "sk",
  "sl",
  "sq",
  "sv",
  "th",
  "tl",
  "tr",
  "uk",
  "ur",
  "zh",
  "zt"
]
ERROR: Output language is not a valid target for the specified input language ("en").
You entered: "zh-Hant"
Valid targets are: [
  "ar",
  "az",
  "bg",
  "bn",
  "ca",
  "cs",
  "da",
  "de",
  "el",
  "en",
  "eo",
  "es",
  "et",
  "eu",
  "fa",
  "fi",
  "fr",
  "ga",
  "gl",
  "he",
  "hi",
  "hu",
  "id",
  "it",
  "ja",
  "ko",
  "lt",
  "lv",
  "ms",
  "nb",
  "nl",
  "pl",
  "pt",
  "ro",
  "ru",
  "sk",
  "sl",
  "sq",
  "sv",
  "th",
  "tl",
  "tr",
  "uk",
  "ur",
  "zh",
  "zt"
]
ERROR: Output language is not a valid target for the specified input language ("en").
You entered: "zh-TW"
Valid targets are: [
  "ar",
  "az",
  "bg",
  "bn",
  "ca",
  "cs",
  "da",
  "de",
  "el",
  "en",
  "eo",
  "es",
  "et",
  "eu",
  "fa",
  "fi",
  "fr",
  "ga",
  "gl",
  "he",
  "hi",
  "hu",
  "id",
  "it",
  "ja",
  "ko",
  "lt",
  "lv",
  "ms",
  "nb",
  "nl",
  "pl",
  "pt",
  "ro",
  "ru",
  "sk",
  "sl",
  "sq",
  "sv",
  "th",
  "tl",
  "tr",
  "uk",
  "ur",
  "zh",
  "zt"
]
ERROR: Output language is not a valid target for the specified input language ("en").
You entered: "zh-Hans"
Valid targets are: [
  "ar",
  "az",
  "bg",
  "bn",
  "ca",
  "cs",
  "da",
  "de",
  "el",
  "en",
  "eo",
  "es",
  "et",
  "eu",
  "fa",
  "fi",
  "fr",
  "ga",
  "gl",
  "he",
  "hi",
  "hu",
  "id",
  "it",
  "ja",
  "ko",
  "lt",
  "lv",
  "ms",
  "nb",
  "nl",
  "pl",
  "pt",
  "ro",
  "ru",
  "sk",
  "sl",
  "sq",
  "sv",
  "th",
  "tl",
  "tr",
  "uk",
  "ur",
  "zh",
  "zt"
]
ERROR: Output language is not a valid target for the specified input language ("en").
You entered: "zh-Hant"
Valid targets are: [
  "ar",
  "az",
  "bg",
  "bn",
  "ca",
  "cs",
  "da",
  "de",
  "el",
  "en",
  "eo",
  "es",
  "et",
  "eu",
  "fa",
  "fi",
  "fr",
  "ga",
  "gl",
  "he",
  "hi",
  "hu",
  "id",
  "it",
  "ja",
  "ko",
  "lt",
  "lv",
  "ms",
  "nb",
  "nl",
  "pl",
  "pt",
  "ro",
  "ru",
  "sk",
  "sl",
  "sq",
  "sv",
  "th",
  "tl",
  "tr",
  "uk",
  "ur",
  "zh",
  "zt"
]
ERROR: Output language is not a valid target for the specified input language ("en").
You entered: "zh-TW"
Valid targets are: [
  "ar",
  "az",
  "bg",
  "bn",
  "ca",
  "cs",
  "da",
  "de",
  "el",
  "en",
  "eo",
  "es",
  "et",
  "eu",
  "fa",
  "fi",
  "fr",
  "ga",
  "gl",
  "he",
  "hi",
  "hu",
  "id",
  "it",
  "ja",
  "ko",
  "lt",
  "lv",
  "ms",
  "nb",
  "nl",
  "pl",
  "pt",
  "ro",
  "ru",
  "sk",
  "sl",
  "sq",
  "sv",
  "th",
  "tl",
  "tr",
  "uk",
  "ur",
  "zh",
  "zt"
]
ERROR: Output language is not a valid target for the specified input language ("en").
You entered: "zh-Hans"
Valid targets are: [
  "ar",
  "az",
  "bg",
  "bn",
  "ca",
  "cs",
  "da",
  "de",
  "el",
  "en",
  "eo",
  "es",
  "et",
  "eu",
  "fa",
  "fi",
  "fr",
  "ga",
  "gl",
  "he",
  "hi",
  "hu",
  "id",
  "it",
  "ja",
  "ko",
  "lt",
  "lv",
  "ms",
  "nb",
  "nl",
  "pl",
  "pt",
  "ro",
  "ru",
  "sk",
  "sl",
  "sq",
  "sv",
  "th",
  "tl",
  "tr",
  "uk",
  "ur",
  "zh",
  "zt"
]
ERROR: Output language is not a valid target for the specified input language ("en").
You entered: "zh-Hant"
Valid targets are: [
  "ar",
  "az",
  "bg",
  "bn",
  "ca",
  "cs",
  "da",
  "de",
  "el",
  "en",
  "eo",
  "es",
  "et",
  "eu",
  "fa",
  "fi",
  "fr",
  "ga",
  "gl",
  "he",
  "hi",
  "hu",
  "id",
  "it",
  "ja",
  "ko",
  "lt",
  "lv",
  "ms",
  "nb",
  "nl",
  "pl",
  "pt",
  "ro",
  "ru",
  "sk",
  "sl",
  "sq",
  "sv",
  "th",
  "tl",
  "tr",
  "uk",
  "ur",
  "zh",
  "zt"
]
ERROR: Output language is not a valid target for the specified input language ("en").
You entered: "zh-TW"
Valid targets are: [
  "ar",
  "az",
  "bg",
  "bn",
  "ca",
  "cs",
  "da",
  "de",
  "el",
  "en",
  "eo",
  "es",
  "et",
  "eu",
  "fa",
  "fi",
  "fr",
  "ga",
  "gl",
  "he",
  "hi",
  "hu",
  "id",
  "it",
  "ja",
  "ko",
  "lt",
  "lv",
  "ms",
  "nb",
  "nl",
  "pl",
  "pt",
  "ro",
  "ru",
  "sk",
  "sl",
  "sq",
  "sv",
  "th",
  "tl",
  "tr",
  "uk",
  "ur",
  "zh",
  "zt"
]
ERROR: Output language is not a valid target for the specified input language ("en").
You entered: "zh-Hans"
Valid targets are: [
  "ar",
  "az",
  "bg",
  "bn",
  "ca",
  "cs",
  "da",
  "de",
  "el",
  "en",
  "eo",
  "es",
  "et",
  "eu",
  "fa",
  "fi",
  "fr",
  "ga",
  "gl",
  "he",
  "hi",
  "hu",
  "id",
  "it",
  "ja",
  "ko",
  "lt",
  "lv",
  "ms",
  "nb",
  "nl",
  "pl",
  "pt",
  "ro",
  "ru",
  "sk",
  "sl",
  "sq",
  "sv",
  "th",
  "tl",
  "tr",
  "uk",
  "ur",
  "zh",
  "zt"
]
ERROR: Output language is not a valid target for the specified input language ("en").
You entered: "zh-Hant"
Valid targets are: [
  "ar",
  "az",
  "bg",
  "bn",
  "ca",
  "cs",
  "da",
  "de",
  "el",
  "en",
  "eo",
  "es",
  "et",
  "eu",
  "fa",
  "fi",
  "fr",
  "ga",
  "gl",
  "he",
  "hi",
  "hu",
  "id",
  "it",
  "ja",
  "ko",
  "lt",
  "lv",
  "ms",
  "nb",
  "nl",
  "pl",
  "pt",
  "ro",
  "ru",
  "sk",
  "sl",
  "sq",
  "sv",
  "th",
  "tl",
  "tr",
  "uk",
  "ur",
  "zh",
  "zt"
]
ERROR: Output language is not a valid target for the specified input language ("en").
You entered: "zh-TW"
Valid targets are: [
  "ar",
  "az",
  "bg",
  "bn",
  "ca",
  "cs",
  "da",
  "de",
  "el",
  "en",
  "eo",
  "es",
  "et",
  "eu",
  "fa",
  "fi",
  "fr",
  "ga",
  "gl",
  "he",
  "hi",
  "hu",
  "id",
  "it",
  "ja",
  "ko",
  "lt",
  "lv",
  "ms",
  "nb",
  "nl",
  "pl",
  "pt",
  "ro",
  "ru",
  "sk",
  "sl",
  "sq",
  "sv",
  "th",
  "tl",
  "tr",
  "uk",
  "ur",
  "zh",
  "zt"
]
ERROR: Output language is not a valid target for the specified input language ("en").
You entered: "zh-Hans"
Valid targets are: [
  "ar",
  "az",
  "bg",
  "bn",
  "ca",
  "cs",
  "da",
  "de",
  "el",
  "en",
  "eo",
  "es",
  "et",
  "eu",
  "fa",
  "fi",
  "fr",
  "ga",
  "gl",
  "he",
  "hi",
  "hu",
  "id",
  "it",
  "ja",
  "ko",
  "lt",
  "lv",
  "ms",
  "nb",
  "nl",
  "pl",
  "pt",
  "ro",
  "ru",
  "sk",
  "sl",
  "sq",
  "sv",
  "th",
  "tl",
  "tr",
  "uk",
  "ur",
  "zh",
  "zt"
]
ERROR: Output language is not a valid target for the specified input language ("en").
You entered: "zh-Hant"
Valid targets are: [
  "ar",
  "az",
  "bg",
  "bn",
  "ca",
  "cs",
  "da",
  "de",
  "el",
  "en",
  "eo",
  "es",
  "et",
  "eu",
  "fa",
  "fi",
  "fr",
  "ga",
  "gl",
  "he",
  "hi",
  "hu",
  "id",
  "it",
  "ja",
  "ko",
  "lt",
  "lv",
  "ms",
  "nb",
  "nl",
  "pl",
  "pt",
  "ro",
  "ru",
  "sk",
  "sl",
  "sq",
  "sv",
  "th",
  "tl",
  "tr",
  "uk",
  "ur",
  "zh",
  "zt"
]
ERROR: Output language is not a valid target for the specified input language ("en").
You entered: "zh-TW"
Valid targets are: [
  "ar",
  "az",
  "bg",
  "bn",
  "ca",
  "cs",
  "da",
  "de",
  "el",
  "en",
  "eo",
  "es",
  "et",
  "eu",
  "fa",
  "fi",
  "fr",
  "ga",
  "gl",
  "he",
  "hi",
  "hu",
  "id",
  "it",
  "ja",
  "ko",
  "lt",
  "lv",
  "ms",
  "nb",
  "nl",
  "pl",
  "pt",
  "ro",
  "ru",
  "sk",
  "sl",
  "sq",
  "sv",
  "th",
  "tl",
  "tr",
  "uk",
  "ur",
  "zh",
  "zt"
]
ERROR: Output language is not a valid target for the specified input language ("en").
You entered: "zh-Hans"
Valid targets are: [
  "ar",
  "az",
  "bg",
  "bn",
  "ca",
  "cs",
  "da",
  "de",
  "el",
  "en",
  "eo",
  "es",
  "et",
  "eu",
  "fa",
  "fi",
  "fr",
  "ga",
  "gl",
  "he",
  "hi",
  "hu",
  "id",
  "it",
  "ja",
  "ko",
  "lt",
  "lv",
  "ms",
  "nb",
  "nl",
  "pl",
  "pt",
  "ro",
  "ru",
  "sk",
  "sl",
  "sq",
  "sv",
  "th",
  "tl",
  "tr",
  "uk",
  "ur",
  "zh",
  "zt"
]
ERROR: Output language is not a valid target for the specified input language ("en").
You entered: "zh-Hant"
Valid targets are: [
  "ar",
  "az",
  "bg",
  "bn",
  "ca",
  "cs",
  "da",
  "de",
  "el",
  "en",
  "eo",
  "es",
  "et",
  "eu",
  "fa",
  "fi",
  "fr",
  "ga",
  "gl",
  "he",
  "hi",
  "hu",
  "id",
  "it",
  "ja",
  "ko",
  "lt",
  "lv",
  "ms",
  "nb",
  "nl",
  "pl",
  "pt",
  "ro",
  "ru",
  "sk",
  "sl",
  "sq",
  "sv",
  "th",
  "tl",
  "tr",
  "uk",
  "ur",
  "zh",
  "zt"
]
ERROR: Output language is not a valid target for the specified input language ("en").
You entered: "zh-TW"
Valid targets are: [
  "ar",
  "az",
  "bg",
  "bn",
  "ca",
  "cs",
  "da",
  "de",
  "el",
  "en",
  "eo",
  "es",
  "et",
  "eu",
  "fa",
  "fi",
  "fr",
  "ga",
  "gl",
  "he",
  "hi",
  "hu",
  "id",
  "it",
  "ja",
  "ko",
  "lt",
  "lv",
  "ms",
  "nb",
  "nl",
  "pl",
  "pt",
  "ro",
  "ru",
  "sk",
  "sl",
  "sq",
  "sv",
  "th",
  "tl",
  "tr",
  "uk",
  "ur",
  "zh",
  "zt"
]
ERROR: Output language is not a valid target for the specified input language ("en").
You entered: "zh-Hans"
Valid targets are: [
  "ar",
  "az",
  "bg",
  "bn",
  "ca",
  "cs",
  "da",
  "de",
  "el",
  "en",
  "eo",
  "es",
  "et",
  "eu",
  "fa",
  "fi",
  "fr",
  "ga",
  "gl",
  "he",
  "hi",
  "hu",
  "id",
  "it",
  "ja",
  "ko",
  "lt",
  "lv",
  "ms",
  "nb",
  "nl",
  "pl",
  "pt",
  "ro",
  "ru",
  "sk",
  "sl",
  "sq",
  "sv",
  "th",
  "tl",
  "tr",
  "uk",
  "ur",
  "zh",
  "zt"
]
ERROR: Output language is not a valid target for the specified input language ("en").
You entered: "zh-Hant"
Valid targets are: [
  "ar",
  "az",
  "bg",
  "bn",
  "ca",
  "cs",
  "da",
  "de",
  "el",
  "en",
  "eo",
  "es",
  "et",
  "eu",
  "fa",
  "fi",
  "fr",
  "ga",
  "gl",
  "he",
  "hi",
  "hu",
  "id",
  "it",
  "ja",
  "ko",
  "lt",
  "lv",
  "ms",
  "nb",
  "nl",
  "pl",
  "pt",
  "ro",
  "ru",
  "sk",
  "sl",
  "sq",
  "sv",
  "th",
  "tl",
  "tr",
  "uk",
  "ur",
  "zh",
  "zt"
]
ERROR: Output language is not a valid target for the specified input language ("en").
You entered: "zh-TW"
Valid targets are: [
  "ar",
  "az",
  "bg",
  "bn",
  "ca",
  "cs",
  "da",
  "de",
  "el",
  "en",
  "eo",
  "es",
  "et",
  "eu",
  "fa",
  "fi",
  "fr",
  "ga",
  "gl",
  "he",
  "hi",
  "hu",
  "id",
  "it",
  "ja",
  "ko",
  "lt",
  "lv",
  "ms",
  "nb",
  "nl",
  "pl",
  "pt",
  "ro",
  "ru",
  "sk",
  "sl",
  "sq",
  "sv",
  "th",
  "tl",
  "tr",
  "uk",
  "ur",
  "zh",
  "zt"
]
ERROR: Output language is not a valid target for the specified input language ("en").
You entered: "zh-Hans"
Valid targets are: [
  "ar",
  "az",
  "bg",
  "bn",
  "ca",
  "cs",
  "da",
  "de",
  "el",
  "en",
  "eo",
  "es",
  "et",
  "eu",
  "fa",
  "fi",
  "fr",
  "ga",
  "gl",
  "he",
  "hi",
  "hu",
  "id",
  "it",
  "ja",
  "ko",
  "lt",
  "lv",
  "ms",
  "nb",
  "nl",
  "pl",
  "pt",
  "ro",
  "ru",
  "sk",
  "sl",
  "sq",
  "sv",
  "th",
  "tl",
  "tr",
  "uk",
  "ur",
  "zh",
  "zt"
]
ERROR: Output language is not a valid target for the specified input language ("en").
You entered: "zh-Hant"
Valid targets are: [
  "ar",
  "az",
  "bg",
  "bn",
  "ca",
  "cs",
  "da",
  "de",
  "el",
  "en",
  "eo",
  "es",
  "et",
  "eu",
  "fa",
  "fi",
  "fr",
  "ga",
  "gl",
  "he",
  "hi",
  "hu",
  "id",
  "it",
  "ja",
  "ko",
  "lt",
  "lv",
  "ms",
  "nb",
  "nl",
  "pl",
  "pt",
  "ro",
  "ru",
  "sk",
  "sl",
  "sq",
  "sv",
  "th",
  "tl",
  "tr",
  "uk",
  "ur",
  "zh",
  "zt"
]
ERROR: Output language is not a valid target for the specified input language ("en").
You entered: "zh-TW"
Valid targets are: [
  "ar",
  "az",
  "bg",
  "bn",
  "ca",
  "cs",
  "da",
  "de",
  "el",
  "en",
  "eo",
  "es",
  "et",
  "eu",
  "fa",
  "fi",
  "fr",
  "ga",
  "gl",
  "he",
  "hi",
  "hu",
  "id",
  "it",
  "ja",
  "ko",
  "lt",
  "lv",
  "ms",
  "nb",
  "nl",
  "pl",
  "pt",
  "ro",
  "ru",
  "sk",
  "sl",
  "sq",
  "sv",
  "th",
  "tl",
  "tr",
  "uk",
  "ur",
  "zh",
  "zt"
]
ERROR: Output language is not a valid target for the specified input language ("en").
You entered: "zh-Hans"
Valid targets are: [
  "ar",
  "az",
  "bg",
  "bn",
  "ca",
  "cs",
  "da",
  "de",
  "el",
  "en",
  "eo",
  "es",
  "et",
  "eu",
  "fa",
  "fi",
  "fr",
  "ga",
  "gl",
  "he",
  "hi",
  "hu",
  "id",
  "it",
  "ja",
  "ko",
  "lt",
  "lv",
  "ms",
  "nb",
  "nl",
  "pl",
  "pt",
  "ro",
  "ru",
  "sk",
  "sl",
  "sq",
  "sv",
  "th",
  "tl",
  "tr",
  "uk",
  "ur",
  "zh",
  "zt"
]
ERROR: Output language is not a valid target for the specified input language ("en").
You entered: "zh-Hant"
Valid targets are: [
  "ar",
  "az",
  "bg",
  "bn",
  "ca",
  "cs",
  "da",
  "de",
  "el",
  "en",
  "eo",
  "es",
  "et",
  "eu",
  "fa",
  "fi",
  "fr",
  "ga",
  "gl",
  "he",
  "hi",
  "hu",
  "id",
  "it",
  "ja",
  "ko",
  "lt",
  "lv",
  "ms",
  "nb",
  "nl",
  "pl",
  "pt",
  "ro",
  "ru",
  "sk",
  "sl",
  "sq",
  "sv",
  "th",
  "tl",
  "tr",
  "uk",
  "ur",
  "zh",
  "zt"
]
ERROR: Output language is not a valid target for the specified input language ("en").
You entered: "zh-TW"
Valid targets are: [
  "ar",
  "az",
  "bg",
  "bn",
  "ca",
  "cs",
  "da",
  "de",
  "el",
  "en",
  "eo",
  "es",
  "et",
  "eu",
  "fa",
  "fi",
  "fr",
  "ga",
  "gl",
  "he",
  "hi",
  "hu",
  "id",
  "it",
  "ja",
  "ko",
  "lt",
  "lv",
  "ms",
  "nb",
  "nl",
  "pl",
  "pt",
  "ro",
  "ru",
  "sk",
  "sl",
  "sq",
  "sv",
  "th",
  "tl",
  "tr",
  "uk",
  "ur",
  "zh",
  "zt"
]
ERROR: Output language is not a valid target for the specified input language ("en").
You entered: "zh-Hans"
Valid targets are: [
  "ar",
  "az",
  "bg",
  "bn",
  "ca",
  "cs",
  "da",
  "de",
  "el",
  "en",
  "eo",
  "es",
  "et",
  "eu",
  "fa",
  "fi",
  "fr",
  "ga",
  "gl",
  "he",
  "hi",
  "hu",
  "id",
  "it",
  "ja",
  "ko",
  "lt",
  "lv",
  "ms",
  "nb",
  "nl",
  "pl",
  "pt",
  "ro",
  "ru",
  "sk",
  "sl",
  "sq",
  "sv",
  "th",
  "tl",
  "tr",
  "uk",
  "ur",
  "zh",
  "zt"
]
ERROR: Output language is not a valid target for the specified input language ("en").
You entered: "zh-Hant"
Valid targets are: [
  "ar",
  "az",
  "bg",
  "bn",
  "ca",
  "cs",
  "da",
  "de",
  "el",
  "en",
  "eo",
  "es",
  "et",
  "eu",
  "fa",
  "fi",
  "fr",
  "ga",
  "gl",
  "he",
  "hi",
  "hu",
  "id",
  "it",
  "ja",
  "ko",
  "lt",
  "lv",
  "ms",
  "nb",
  "nl",
  "pl",
  "pt",
  "ro",
  "ru",
  "sk",
  "sl",
  "sq",
  "sv",
  "th",
  "tl",
  "tr",
  "uk",
  "ur",
  "zh",
  "zt"
]
ERROR: Output language is not a valid target for the specified input language ("en").
You entered: "zh-TW"
Valid targets are: [
  "ar",
  "az",
  "bg",
  "bn",
  "ca",
  "cs",
  "da",
  "de",
  "el",
  "en",
  "eo",
  "es",
  "et",
  "eu",
  "fa",
  "fi",
  "fr",
  "ga",
  "gl",
  "he",
  "hi",
  "hu",
  "id",
  "it",
  "ja",
  "ko",
  "lt",
  "lv",
  "ms",
  "nb",
  "nl",
  "pl",
  "pt",
  "ro",
  "ru",
  "sk",
  "sl",
  "sq",
  "sv",
  "th",
  "tl",
  "tr",
  "uk",
  "ur",
  "zh",
  "zt"
]
ERROR: Output language is not a valid target for the specified input language ("en").
You entered: "zh-Hans"
Valid targets are: [
  "ar",
  "az",
  "bg",
  "bn",
  "ca",
  "cs",
  "da",
  "de",
  "el",
  "en",
  "eo",
  "es",
  "et",
  "eu",
  "fa",
  "fi",
  "fr",
  "ga",
  "gl",
  "he",
  "hi",
  "hu",
  "id",
  "it",
  "ja",
  "ko",
  "lt",
  "lv",
  "ms",
  "nb",
  "nl",
  "pl",
  "pt",
  "ro",
  "ru",
  "sk",
  "sl",
  "sq",
  "sv",
  "th",
  "tl",
  "tr",
  "uk",
  "ur",
  "zh",
  "zt"
]
ERROR: Output language is not a valid target for the specified input language ("en").
You entered: "zh-Hant"
Valid targets are: [
  "ar",
  "az",
  "bg",
  "bn",
  "ca",
  "cs",
  "da",
  "de",
  "el",
  "en",
  "eo",
  "es",
  "et",
  "eu",
  "fa",
  "fi",
  "fr",
  "ga",
  "gl",
  "he",
  "hi",
  "hu",
  "id",
  "it",
  "ja",
  "ko",
  "lt",
  "lv",
  "ms",
  "nb",
  "nl",
  "pl",
  "pt",
  "ro",
  "ru",
  "sk",
  "sl",
  "sq",
  "sv",
  "th",
  "tl",
  "tr",
  "uk",
  "ur",
  "zh",
  "zt"
]
ERROR: Output language is not a valid target for the specified input language ("en").
You entered: "zh-TW"
Valid targets are: [
  "ar",
  "az",
  "bg",
  "bn",
  "ca",
  "cs",
  "da",
  "de",
  "el",
  "en",
  "eo",
  "es",
  "et",
  "eu",
  "fa",
  "fi",
  "fr",
  "ga",
  "gl",
  "he",
  "hi",
  "hu",
  "id",
  "it",
  "ja",
  "ko",
  "lt",
  "lv",
  "ms",
  "nb",
  "nl",
  "pl",
  "pt",
  "ro",
  "ru",
  "sk",
  "sl",
  "sq",
  "sv",
  "th",
  "tl",
  "tr",
  "uk",
  "ur",
  "zh",
  "zt"
]
ERROR: Output language is not a valid target for the specified input language ("en").
You entered: "zh-Hans"
Valid targets are: [
  "ar",
  "az",
  "bg",
  "bn",
  "ca",
  "cs",
  "da",
  "de",
  "el",
  "en",
  "eo",
  "es",
  "et",
  "eu",
  "fa",
  "fi",
  "fr",
  "ga",
  "gl",
  "he",
  "hi",
  "hu",
  "id",
  "it",
  "ja",
  "ko",
  "lt",
  "lv",
  "ms",
  "nb",
  "nl",
  "pl",
  "pt",
  "ro",
  "ru",
  "sk",
  "sl",
  "sq",
  "sv",
  "th",
  "tl",
  "tr",
  "uk",
  "ur",
  "zh",
  "zt"
]
ERROR: Output language is not a valid target for the specified input language ("en").
You entered: "zh-Hant"
Valid targets are: [
  "ar",
  "az",
  "bg",
  "bn",
  "ca",
  "cs",
  "da",
  "de",
  "el",
  "en",
  "eo",
  "es",
  "et",
  "eu",
  "fa",
  "fi",
  "fr",
  "ga",
  "gl",
  "he",
  "hi",
  "hu",
  "id",
  "it",
  "ja",
  "ko",
  "lt",
  "lv",
  "ms",
  "nb",
  "nl",
  "pl",
  "pt",
  "ro",
  "ru",
  "sk",
  "sl",
  "sq",
  "sv",
  "th",
  "tl",
  "tr",
  "uk",
  "ur",
  "zh",
  "zt"
]
ERROR: Output language is not a valid target for the specified input language ("en").
You entered: "zh-TW"
Valid targets are: [
  "ar",
  "az",
  "bg",
  "bn",
  "ca",
  "cs",
  "da",
  "de",
  "el",
  "en",
  "eo",
  "es",
  "et",
  "eu",
  "fa",
  "fi",
  "fr",
  "ga",
  "gl",
  "he",
  "hi",
  "hu",
  "id",
  "it",
  "ja",
  "ko",
  "lt",
  "lv",
  "ms",
  "nb",
  "nl",
  "pl",
  "pt",
  "ro",
  "ru",
  "sk",
  "sl",
  "sq",
  "sv",
  "th",
  "tl",
  "tr",
  "uk",
  "ur",
  "zh",
  "zt"
]
ERROR: Output language is not a valid target for the specified input language ("en").
You entered: "zh-Hans"
Valid targets are: [
  "ar",
  "az",
  "bg",
  "bn",
  "ca",
  "cs",
  "da",
  "de",
  "el",
  "en",
  "eo",
  "es",
  "et",
  "eu",
  "fa",
  "fi",
  "fr",
  "ga",
  "gl",
  "he",
  "hi",
  "hu",
  "id",
  "it",
  "ja",
  "ko",
  "lt",
  "lv",
  "ms",
  "nb",
  "nl",
  "pl",
  "pt",
  "ro",
  "ru",
  "sk",
  "sl",
  "sq",
  "sv",
  "th",
  "tl",
  "tr",
  "uk",
  "ur",
  "zh",
  "zt"
]
ERROR: Output language is not a valid target for the specified input language ("en").
You entered: "zh-Hant"
Valid targets are: [
  "ar",
  "az",
  "bg",
  "bn",
  "ca",
  "cs",
  "da",
  "de",
  "el",
  "en",
  "eo",
  "es",
  "et",
  "eu",
  "fa",
  "fi",
  "fr",
  "ga",
  "gl",
  "he",
  "hi",
  "hu",
  "id",
  "it",
  "ja",
  "ko",
  "lt",
  "lv",
  "ms",
  "nb",
  "nl",
  "pl",
  "pt",
  "ro",
  "ru",
  "sk",
  "sl",
  "sq",
  "sv",
  "th",
  "tl",
  "tr",
  "uk",
  "ur",
  "zh",
  "zt"
]
ERROR: Output language is not a valid target for the specified input language ("en").
You entered: "zh-TW"
Valid targets are: [
  "ar",
  "az",
  "bg",
  "bn",
  "ca",
  "cs",
  "da",
  "de",
  "el",
  "en",
  "eo",
  "es",
  "et",
  "eu",
  "fa",
  "fi",
  "fr",
  "ga",
  "gl",
  "he",
  "hi",
  "hu",
  "id",
  "it",
  "ja",
  "ko",
  "lt",
  "lv",
  "ms",
  "nb",
  "nl",
  "pl",
  "pt",
  "ro",
  "ru",
  "sk",
  "sl",
  "sq",
  "sv",
  "th",
  "tl",
  "tr",
  "uk",
  "ur",
  "zh",
  "zt"
]
ERROR: Output language is not a valid target for the specified input language ("en").
You entered: "zh-Hans"
Valid targets are: [
  "ar",
  "az",
  "bg",
  "bn",
  "ca",
  "cs",
  "da",
  "de",
  "el",
  "en",
  "eo",
  "es",
  "et",
  "eu",
  "fa",
  "fi",
  "fr",
  "ga",
  "gl",
  "he",
  "hi",
  "hu",
  "id",
  "it",
  "ja",
  "ko",
  "lt",
  "lv",
  "ms",
  "nb",
  "nl",
  "pl",
  "pt",
  "ro",
  "ru",
  "sk",
  "sl",
  "sq",
  "sv",
  "th",
  "tl",
  "tr",
  "uk",
  "ur",
  "zh",
  "zt"
]
ERROR: Output language is not a valid target for the specified input language ("en").
You entered: "zh-Hant"
Valid targets are: [
  "ar",
  "az",
  "bg",
  "bn",
  "ca",
  "cs",
  "da",
  "de",
  "el",
  "en",
  "eo",
  "es",
  "et",
  "eu",
  "fa",
  "fi",
  "fr",
  "ga",
  "gl",
  "he",
  "hi",
  "hu",
  "id",
  "it",
  "ja",
  "ko",
  "lt",
  "lv",
  "ms",
  "nb",
  "nl",
  "pl",
  "pt",
  "ro",
  "ru",
  "sk",
  "sl",
  "sq",
  "sv",
  "th",
  "tl",
  "tr",
  "uk",
  "ur",
  "zh",
  "zt"
]
ERROR: Output language is not a valid target for the specified input language ("en").
You entered: "zh-TW"
Valid targets are: [
  "ar",
  "az",
  "bg",
  "bn",
  "ca",
  "cs",
  "da",
  "de",
  "el",
  "en",
  "eo",
  "es",
  "et",
  "eu",
  "fa",
  "fi",
  "fr",
  "ga",
  "gl",
  "he",
  "hi",
  "hu",
  "id",
  "it",
  "ja",
  "ko",
  "lt",
  "lv",
  "ms",
  "nb",
  "nl",
  "pl",
  "pt",
  "ro",
  "ru",
  "sk",
  "sl",
  "sq",
  "sv",
  "th",
  "tl",
  "tr",
  "uk",
  "ur",
  "zh",
  "zt"
]
ERROR: Output language is not a valid target for the specified input language ("en").
You entered: "zh-Hans"
Valid targets are: [
  "ar",
  "az",
  "bg",
  "bn",
  "ca",
  "cs",
  "da",
  "de",
  "el",
  "en",
  "eo",
  "es",
  "et",
  "eu",
  "fa",
  "fi",
  "fr",
  "ga",
  "gl",
  "he",
  "hi",
  "hu",
  "id",
  "it",
  "ja",
  "ko",
  "lt",
  "lv",
  "ms",
  "nb",
  "nl",
  "pl",
  "pt",
  "ro",
  "ru",
  "sk",
  "sl",
  "sq",
  "sv",
  "th",
  "tl",
  "tr",
  "uk",
  "ur",
  "zh",
  "zt"
]
ERROR: Output language is not a valid target for the specified input language ("en").
You entered: "zh-Hant"
Valid targets are: [
  "ar",
  "az",
  "bg",
  "bn",
  "ca",
  "cs",
  "da",
  "de",
  "el",
  "en",
  "eo",
  "es",
  "et",
  "eu",
  "fa",
  "fi",
  "fr",
  "ga",
  "gl",
  "he",
  "hi",
  "hu",
  "id",
  "it",
  "ja",
  "ko",
  "lt",
  "lv",
  "ms",
  "nb",
  "nl",
  "pl",
  "pt",
  "ro",
  "ru",
  "sk",
  "sl",
  "sq",
  "sv",
  "th",
  "tl",
  "tr",
  "uk",
  "ur",
  "zh",
  "zt"
]
ERROR: Output language is not a valid target for the specified input language ("en").
You entered: "zh-TW"
Valid targets are: [
  "ar",
  "az",
  "bg",
  "bn",
  "ca",
  "cs",
  "da",
  "de",
  "el",
  "en",
  "eo",
  "es",
  "et",
  "eu",
  "fa",
  "fi",
  "fr",
  "ga",
  "gl",
  "he",
  "hi",
  "hu",
  "id",
  "it",
  "ja",
  "ko",
  "lt",
  "lv",
  "ms",
  "nb",
  "nl",
  "pl",
  "pt",
  "ro",
  "ru",
  "sk",
  "sl",
  "sq",
  "sv",
  "th",
  "tl",
  "tr",
  "uk",
  "ur",
  "zh",
  "zt"
]
ERROR: Output language is not a valid target for the specified input language ("en").
You entered: "zh-Hans"
Valid targets are: [
  "ar",
  "az",
  "bg",
  "bn",
  "ca",
  "cs",
  "da",
  "de",
  "el",
  "en",
  "eo",
  "es",
  "et",
  "eu",
  "fa",
  "fi",
  "fr",
  "ga",
  "gl",
  "he",
  "hi",
  "hu",
  "id",
  "it",
  "ja",
  "ko",
  "lt",
  "lv",
  "ms",
  "nb",
  "nl",
  "pl",
  "pt",
  "ro",
  "ru",
  "sk",
  "sl",
  "sq",
  "sv",
  "th",
  "tl",
  "tr",
  "uk",
  "ur",
  "zh",
  "zt"
]
ERROR: Output language is not a valid target for the specified input language ("en").
You entered: "zh-Hant"
Valid targets are: [
  "ar",
  "az",
  "bg",
  "bn",
  "ca",
  "cs",
  "da",
  "de",
  "el",
  "en",
  "eo",
  "es",
  "et",
  "eu",
  "fa",
  "fi",
  "fr",
  "ga",
  "gl",
  "he",
  "hi",
  "hu",
  "id",
  "it",
  "ja",
  "ko",
  "lt",
  "lv",
  "ms",
  "nb",
  "nl",
  "pl",
  "pt",
  "ro",
  "ru",
  "sk",
  "sl",
  "sq",
  "sv",
  "th",
  "tl",
  "tr",
  "uk",
  "ur",
  "zh",
  "zt"
]
